<textarea id="DummyModel--name" name="DummyModel--name" rows="30" class="test" cols="80">
</textarea>

