<select id="DummyModel--name" name="DummyModel--name" class="test">
	<option value="apple">Red Apple</option>
	<option value="orange">Florida Orange</option>
	<option value="grape">Green Grape</option>
</select>

