<div class="test">Red Apple</div>
<div class="test">Florida Orange</div>
<div class="test">Green Grape</div>

