<input id="DummyModel-apple-name" type="password" name="DummyModel-apple-name" value="apple" class="test" />

