<input id="DummyModel-apple-name" type="text" name="DummyModel-apple-name" value="apple" class="test" maxlength="12" />

