<input id="DummyModel-apple-instock" type="checkbox" name="DummyModel-apple-instock" value="True" checked="checked" class="test" />

