<input id="DummyModel--name" type="text" name="DummyModel--name" class="test" maxlength="12" />

