<select name="DummyModel-apple-name" class="test">
	<option value="apple" selected="selected">Red Apple</option>
	<option value="orange">Florida Orange</option>
	<option value="grape">Green Grape</option>
</select>

