<input id="DummyModel--name" type="password" name="DummyModel--name" class="test" />

