<input id="DummyModel--name" type="checkbox" name="DummyModel--name" class="test" />

