<textarea id="DummyModel-apple-text" name="DummyModel-apple-text" rows="30" class="test" cols="80">
a red fruit that grows on trees
</textarea>

